
> app@0.1.0 dev
> next dev

  ▲ Next.js 14.2.35
  - Local:        http://localhost:3000

 ✓ Starting...
 ✓ Ready in 1833ms
 ○ Compiling /dashboard ...
request to https://fonts.gstatic.com/s/jetbrainsmono/v24/tDbV2o-flEEny0FZhsfKu5WU4xD2OwGtT0rU3BE.woff2 failed, reason:

Retrying 1/3...
request to https://fonts.gstatic.com/s/jetbrainsmono/v24/tDbV2o-flEEny0FZhsfKu5WU4xD_OwGtT0rU3BE.woff2 failed, reason:

Retrying 1/3...
request to https://fonts.gstatic.com/s/jetbrainsmono/v24/tDbV2o-flEEny0FZhsfKu5WU4xD4OwGtT0rU3BE.woff2 failed, reason:

Retrying 1/3...
request to https://fonts.gstatic.com/s/jetbrainsmono/v24/tDbV2o-flEEny0FZhsfKu5WU4xD0OwGtT0rU3BE.woff2 failed, reason:

Retrying 1/3...
request to https://fonts.gstatic.com/s/jetbrainsmono/v24/tDbV2o-flEEny0FZhsfKu5WU4xD1OwGtT0rU3BE.woff2 failed, reason:

Retrying 1/3...
 ✓ Compiled /dashboard in 8s (550 modules)
 ✓ Compiled in 794ms (241 modules)
 GET /dashboard 200 in 8899ms
 GET /dashboard 200 in 249ms
 ✓ Compiled in 3.5s (227 modules)
 ✓ Compiled in 241ms (241 modules)
 ✓ Compiled in 274ms (241 modules)
 ✓ Compiled in 251ms (241 modules)
 ✓ Compiled in 259ms (241 modules)
 ○ Compiling /dashboard/events ...
 ✓ Compiled /dashboard/events in 2.7s (633 modules)
 GET /dashboard/events 200 in 3164ms
 GET /dashboard/events 200 in 56ms
 ✓ Compiled in 1594ms (293 modules)
 ✓ Compiled in 227ms (307 modules)
 ✓ Compiled in 470ms (307 modules)
 ✓ Compiled in 336ms (307 modules)
 ✓ Compiled in 233ms (307 modules)
 ✓ Compiled in 269ms (307 modules)
 ○ Compiling /dashboard/events/[eventId] ...
 ✓ Compiled /dashboard/events/[eventId] in 601ms (574 modules)
 GET /dashboard/events/e1 200 in 1559ms
 GET /dashboard/events/e1 200 in 99ms
 ✓ Compiled in 1503ms (307 modules)
 ✓ Compiled in 507ms (307 modules)
 ✓ Compiled in 424ms (307 modules)
 ✓ Compiled in 248ms (307 modules)
 ✓ Compiled in 301ms (307 modules)
 ✓ Compiled in 292ms (307 modules)
 ✓ Compiled in 249ms (307 modules)
 ✓ Compiled in 315ms (307 modules)
